23:59:44 **** Incremental Build of configuration Debug for project assign7_1 ****
make -j8 all 
arm-none-eabi-gcc "../Src/main.c" -mcpu=cortex-m4 -std=gnu11 -g3 -DDEBUG -DSTM32 -DSTM32F407G_DISC1 -DSTM32F4 -DSTM32F407VGTx -c -I../Inc -O0 -ffunction-sections -fdata-sections -Wall -fstack-usage -fcyclomatic-complexity -MMD -MP -MF"Src/main.d" -MT"Src/main.o" --specs=nano.specs -mfpu=fpv4-sp-d16 -mfloat-abi=hard -mthumb -o "Src/main.o"
../Src/main.c:28:4: warning: #warning "FPU is not initialized, but the project is compiling for an FPU. Please initialize the FPU before use." [-Wcpp]
   28 |   #warning "FPU is not initialized, but the project is compiling for an FPU. Please initialize the FPU before use."
      |    ^~~~~~~
arm-none-eabi-gcc -o "assign7_1.elf" @"objects.list"   -mcpu=cortex-m4 -T"/home/pritesh/Desktop/sunbeam/microcontroller/class work/MCPI_Assignment/assign7_1/STM32F407VGTX_FLASH.ld" --specs=nosys.specs -Wl,-Map="assign7_1.map" -Wl,--gc-sections -static --specs=nano.specs -mfpu=fpv4-sp-d16 -mfloat-abi=hard -mthumb -Wl,--start-group -lc -lm -Wl,--end-group
Finished building target: assign7_1.elf
 
arm-none-eabi-size  assign7_1.elf 
arm-none-eabi-objdump -h -S assign7_1.elf  > "assign7_1.list"
   text	   data	    bss	    dec	    hex	filename
   4064	     80	   1904	   6048	   17a0	assign7_1.elf
Finished building: default.size.stdout
 
Finished building: assign7_1.list
 
23:59:54 **** Incremental Build of configuration Debug for project assign7_1 ****
make -j8 all 
arm-none-eabi-size  assign7_1.elf 
   text	   data	    bss	    dec	    hex	filename
   4064	     80	   1904	   6048	   17a0	assign7_1.elf
Finished building: default.size.stdout
 
